// Jest Snapshot v1, https://goo.gl/fbAQLP

exports[`Base Layout renders as expected 1`] = `
<html
  lang="en"
>
  <head>
    <meta
      content="Test Site"
      data-rh={true}
      property="og:title"
    />
    <meta
      content="https://example.dev/"
      data-rh={true}
      property="og:url"
    />
    <title
      data-rh={true}
    >
      Test Site
    </title>
  </head>
  <body />
</html>
`;

exports[`Base Layout renders as expected 2`] = `
<main>
  <div>
    <span>
      Test Content
    </span>
  </div>
</main>
`;
